// Jest Snapshot v1, https://goo.gl/fbAQLP

exports[`resurrect J. Org. Chem. 1`] = `
Array [
  Object {
    "from": 10.53,
    "integration": 1,
    "signals": Array [
      Object {
        "delta": 10.58,
        "js": Array [],
        "multiplicity": "b",
      },
    ],
    "to": 10.63,
  },
  Object {
    "from": 7.340000000000001,
    "integration": 1,
    "signals": Array [
      Object {
        "delta": 7.4,
        "js": Array [
          Object {
            "coupling": 8,
            "multiplicity": "d",
          },
        ],
        "multiplicity": "d",
      },
    ],
    "to": 7.46,
  },
  Object {
    "from": 6.1305000000000005,
    "integration": 1,
    "signals": Array [
      Object {
        "delta": 6.19,
        "js": Array [
          Object {
            "coupling": 7.6,
            "multiplicity": "d",
          },
        ],
        "multiplicity": "d",
      },
    ],
    "to": 6.2495,
  },
  Object {
    "from": 4.83,
    "integration": 1,
    "signals": Array [
      Object {
        "delta": 4.88,
        "js": Array [],
        "multiplicity": "s",
      },
    ],
    "to": 4.93,
  },
  Object {
    "from": 4.41,
    "integration": 1,
    "signals": Array [
      Object {
        "delta": 4.46,
        "js": Array [],
        "multiplicity": "m",
      },
    ],
    "to": 4.51,
  },
  Object {
    "from": 4.2,
    "integration": 1,
    "signals": Array [
      Object {
        "delta": 4.25,
        "js": Array [],
        "multiplicity": "m",
      },
    ],
    "to": 4.3,
  },
  Object {
    "from": 4.03,
    "integration": 1,
    "signals": Array [
      Object {
        "delta": 4.08,
        "js": Array [],
        "multiplicity": "m",
      },
    ],
    "to": 4.13,
  },
  Object {
    "from": 3.9,
    "integration": 2,
    "signals": Array [
      Object {
        "delta": 3.925,
        "js": Array [],
        "multiplicity": "m",
      },
    ],
    "to": 3.95,
  },
  Object {
    "from": 2.12,
    "integration": 3,
    "signals": Array [
      Object {
        "delta": 2.17,
        "js": Array [],
        "multiplicity": "s",
      },
    ],
    "to": 2.2199999999999998,
  },
  Object {
    "from": 0.97,
    "integration": 9,
    "signals": Array [
      Object {
        "delta": 1.02,
        "js": Array [],
        "multiplicity": "s",
      },
    ],
    "to": 1.07,
  },
  Object {
    "from": 0.96,
    "integration": 9,
    "signals": Array [
      Object {
        "delta": 1.01,
        "js": Array [],
        "multiplicity": "s",
      },
    ],
    "to": 1.06,
  },
  Object {
    "from": 0.84,
    "integration": 9,
    "signals": Array [
      Object {
        "delta": 0.89,
        "js": Array [],
        "multiplicity": "s",
      },
    ],
    "to": 0.9400000000000001,
  },
  Object {
    "from": 0.06999999999999999,
    "integration": 3,
    "signals": Array [
      Object {
        "delta": 0.12,
        "js": Array [],
        "multiplicity": "s",
      },
    ],
    "to": 0.16999999999999998,
  },
  Object {
    "from": 0.06,
    "integration": 3,
    "signals": Array [
      Object {
        "delta": 0.11,
        "js": Array [],
        "multiplicity": "s",
      },
    ],
    "to": 0.16,
  },
]
`;

exports[`resurrect Tetrahedron 1`] = `
Array [
  Object {
    "from": 5.489875,
    "integration": 1,
    "signals": Array [
      Object {
        "delta": 5.55,
        "js": Array [
          Object {
            "coupling": 8.1,
            "multiplicity": "d",
          },
        ],
        "multiplicity": "d",
      },
    ],
    "to": 5.610125,
  },
  Object {
    "from": NaN,
    "integration": 1,
    "signals": Array [
      Object {
        "delta": NaN,
        "js": Array [],
      },
    ],
    "to": NaN,
  },
  Object {
    "from": 4.24,
    "integration": 1,
    "signals": Array [
      Object {
        "delta": 4.29,
        "js": Array [],
        "multiplicity": "m",
      },
    ],
    "to": 4.34,
  },
  Object {
    "from": 3.48,
    "integration": 2,
    "signals": Array [
      Object {
        "delta": 3.53,
        "js": Array [],
        "multiplicity": "m",
      },
    ],
    "to": 3.5799999999999996,
  },
  Object {
    "from": 3.37,
    "integration": 1,
    "signals": Array [
      Object {
        "delta": 3.42,
        "js": Array [],
        "multiplicity": "m",
      },
    ],
    "to": 3.4699999999999998,
  },
  Object {
    "from": 3.08,
    "integration": 1,
    "signals": Array [
      Object {
        "delta": 3.15,
        "js": Array [
          Object {
            "coupling": 6,
            "multiplicity": "d",
          },
          Object {
            "coupling": 10,
            "multiplicity": "d",
          },
        ],
        "multiplicity": "dd",
      },
    ],
    "to": 3.2199999999999998,
  },
  Object {
    "from": 2.930625,
    "integration": 1,
    "signals": Array [
      Object {
        "delta": 3,
        "js": Array [
          Object {
            "coupling": 11,
            "multiplicity": "t",
          },
          Object {
            "coupling": 4.5,
            "multiplicity": "d",
          },
        ],
        "multiplicity": "td",
      },
    ],
    "to": 3.069375,
  },
  Object {
    "from": 1.64,
    "integration": 1,
    "signals": Array [
      Object {
        "delta": 1.69,
        "js": Array [],
        "multiplicity": "s",
      },
    ],
    "to": 1.74,
  },
]
`;
