// Jest Snapshot v1, https://goo.gl/fbAQLP

exports[`resurrect J. Org. Chem. 1`] = `
Array [
  Object {
    "from": 10.57625,
    "integration": 1,
    "signals": Array [
      Object {
        "delta": 10.58,
        "js": Array [],
        "multiplicity": "b",
      },
    ],
    "to": 10.58375,
  },
  Object {
    "from": 7.38625,
    "integration": 1,
    "signals": Array [
      Object {
        "delta": 7.4,
        "js": Array [
          Object {
            "coupling": 8,
            "multiplicity": "d",
          },
        ],
        "multiplicity": "d",
      },
    ],
    "to": 7.41375,
  },
  Object {
    "from": 6.17675,
    "integration": 1,
    "signals": Array [
      Object {
        "delta": 6.19,
        "js": Array [
          Object {
            "coupling": 7.6,
            "multiplicity": "d",
          },
        ],
        "multiplicity": "d",
      },
    ],
    "to": 6.203250000000001,
  },
  Object {
    "from": 4.87625,
    "integration": 1,
    "signals": Array [
      Object {
        "delta": 4.88,
        "js": Array [],
        "multiplicity": "s",
      },
    ],
    "to": 4.88375,
  },
  Object {
    "from": 4.45625,
    "integration": 1,
    "signals": Array [
      Object {
        "delta": 4.46,
        "js": Array [],
        "multiplicity": "m",
      },
    ],
    "to": 4.46375,
  },
  Object {
    "from": 4.24625,
    "integration": 1,
    "signals": Array [
      Object {
        "delta": 4.25,
        "js": Array [],
        "multiplicity": "m",
      },
    ],
    "to": 4.25375,
  },
  Object {
    "from": 4.07625,
    "integration": 1,
    "signals": Array [
      Object {
        "delta": 4.08,
        "js": Array [],
        "multiplicity": "m",
      },
    ],
    "to": 4.08375,
  },
  Object {
    "from": 3.9,
    "integration": 2,
    "signals": Array [
      Object {
        "delta": 3.925,
        "js": Array [],
        "multiplicity": "m",
      },
    ],
    "to": 3.95,
  },
  Object {
    "from": 2.16625,
    "integration": 3,
    "signals": Array [
      Object {
        "delta": 2.17,
        "js": Array [],
        "multiplicity": "s",
      },
    ],
    "to": 2.17375,
  },
  Object {
    "from": 1.01625,
    "integration": 9,
    "signals": Array [
      Object {
        "delta": 1.02,
        "js": Array [],
        "multiplicity": "s",
      },
    ],
    "to": 1.02375,
  },
  Object {
    "from": 1.00625,
    "integration": 9,
    "signals": Array [
      Object {
        "delta": 1.01,
        "js": Array [],
        "multiplicity": "s",
      },
    ],
    "to": 1.01375,
  },
  Object {
    "from": 0.88625,
    "integration": 9,
    "signals": Array [
      Object {
        "delta": 0.89,
        "js": Array [],
        "multiplicity": "s",
      },
    ],
    "to": 0.89375,
  },
  Object {
    "from": 0.11624999999999999,
    "integration": 3,
    "signals": Array [
      Object {
        "delta": 0.12,
        "js": Array [],
        "multiplicity": "s",
      },
    ],
    "to": 0.12375,
  },
  Object {
    "from": 0.10625,
    "integration": 3,
    "signals": Array [
      Object {
        "delta": 0.11,
        "js": Array [],
        "multiplicity": "s",
      },
    ],
    "to": 0.11375,
  },
]
`;

exports[`resurrect Tetrahedron 1`] = `
Array [
  Object {
    "from": 5.536125,
    "integration": 1,
    "signals": Array [
      Object {
        "delta": 5.55,
        "js": Array [
          Object {
            "coupling": 8.1,
            "multiplicity": "d",
          },
        ],
        "multiplicity": "d",
      },
    ],
    "to": 5.5638749999999995,
  },
  Object {
    "from": NaN,
    "integration": 1,
    "signals": Array [
      Object {
        "delta": NaN,
        "js": Array [],
      },
    ],
    "to": NaN,
  },
  Object {
    "from": 4.28625,
    "integration": 1,
    "signals": Array [
      Object {
        "delta": 4.29,
        "js": Array [],
        "multiplicity": "m",
      },
    ],
    "to": 4.29375,
  },
  Object {
    "from": 3.5262499999999997,
    "integration": 2,
    "signals": Array [
      Object {
        "delta": 3.53,
        "js": Array [],
        "multiplicity": "m",
      },
    ],
    "to": 3.53375,
  },
  Object {
    "from": 3.41625,
    "integration": 1,
    "signals": Array [
      Object {
        "delta": 3.42,
        "js": Array [],
        "multiplicity": "m",
      },
    ],
    "to": 3.42375,
  },
  Object {
    "from": 3.1262499999999998,
    "integration": 1,
    "signals": Array [
      Object {
        "delta": 3.15,
        "js": Array [
          Object {
            "coupling": 6,
            "multiplicity": "d",
          },
          Object {
            "coupling": 10,
            "multiplicity": "d",
          },
        ],
        "multiplicity": "dd",
      },
    ],
    "to": 3.17375,
  },
  Object {
    "from": 2.963125,
    "integration": 1,
    "signals": Array [
      Object {
        "delta": 3,
        "js": Array [
          Object {
            "coupling": 11,
            "multiplicity": "t",
          },
          Object {
            "coupling": 4.5,
            "multiplicity": "d",
          },
        ],
        "multiplicity": "td",
      },
    ],
    "to": 3.036875,
  },
  Object {
    "from": 1.68625,
    "integration": 1,
    "signals": Array [
      Object {
        "delta": 1.69,
        "js": Array [],
        "multiplicity": "s",
      },
    ],
    "to": 1.6937499999999999,
  },
]
`;
